javac : src\java\dal\cl
othingShopDal.java:38: 
error: unmappable 
character (0x81) for 
encoding windows-1252
At line:1 char:1
+ javac -cp "lib/*;buil
d/web/WEB-INF/lib/*;ext
/*;src/java" 
src/java/Tes ...
+ ~~~~~~~~~~~~~~~~~~~~~
~~~~~~~~~~~~~~~~~~~~~~~
~~~~~~~~~~~~~~~~~~~~~~~
~~
    + CategoryInfo     
         : NotSpecifi  
  ed: (src\java\dal\   
 cl...ng windows-12    
52:String) [], Rem    
oteException
    + FullyQualifiedEr 
   rorId : NativeComm  
  andError
 
    // Lß║ñY DANH 
S├?CH ─?╞áN H├ÇNG
                    ^
src\java\dal\clothingSh
opDal.java:38: error: 
unmappable character 
(0x90) for encoding 
windows-1252
    // Lß║ñY DANH 
S├?CH ─?╞áN H├ÇNG
                       
  ^
src\java\dal\clothingSh
opDal.java:89: error: 
unmappable character 
(0x81) for encoding 
windows-1252
    // Lß║ñY DANH 
S├?CH KH├?CH H├ÇNG
                    ^
src\java\dal\clothingSh
opDal.java:89: error: 
unmappable character 
(0x81) for encoding 
windows-1252
    // Lß║ñY DANH 
S├?CH KH├?CH H├ÇNG
                       
    ^
src\java\dal\clothingSh
opDal.java:90: error: 
unmappable character 
(0x90) for encoding 
windows-1252
    // ─?├óy l├á 
─æoß║ín code mß║½u cho 
ph╞░╞íng thß╗⌐c 
getAllCustomers() 
trong DAL
        ^
src\java\dal\clothingSh
opDal.java:382: error: 
unmappable character 
(0x81) for encoding 
windows-1252
    // 1. XEM DANH 
S├?CH PRODUCT (c├│ 
JOIN Category)
                     ^
src\java\dal\clothingSh
opDal.java:402: error: 
unmappable character 
(0x8D) for encoding 
windows-1252
    // Lß╗?c theo 
Status
          ^
src\java\dal\clothingSh
opDal.java:514: error: 
unmappable character 
(0x81) for encoding 
windows-1252
    // 3. Bß║¼T / 
Tß║«T B├?N Sß║óN 
PHß║¿M (─æß╗òi Status)
                       
   ^
src\java\dal\clothingSh
opDal.java:604: error: 
unmappable character 
(0x8D) for encoding 
windows-1252
     * sß╗¡a tß╗½ 
trang edit product). 
Cß║ªN set 
ProductStatsId 
tr╞░ß╗¢c khi gß╗?i!
                       
                       
                       
           ^
src\java\dal\clothingSh
opDal.java:617: error: 
unmappable character 
(0x90) for encoding 
windows-1252
            
ps.setInt(4, s.getProdu
ctStatsId()); // Γå? 
bß║»t buß╗Öc phß║úi c├│
                       
                       
        ^
src\java\dal\clothingSh
opDal.java:657: error: 
unmappable character 
(0x81) for encoding 
windows-1252
    // D├╣ng ─æß╗â 
redirect vß╗? ─æ├║ng 
trang edit sau khi 
addStock
                       
        ^
src\java\dal\clothingSh
opDal.java:673: error: 
unmappable character 
(0x81) for encoding 
windows-1252
    // // 7. TOP Sß║óN 
PHß║¿M B├?N CHß║áY
                       
         ^
src\java\dal\clothingSh
opDal.java:713: error: 
unmappable character 
(0x81) for encoding 
windows-1252
    // 8. DANH S├?CH 
CATEGORY (─æß╗â 
populate dropdown)
                 ^
src\java\dal\clothingSh
opDal.java:781: error: 
unmappable character 
(0x81) for encoding 
windows-1252
    // Lß║ñY DANH 
S├?CH EMPLOYEE (JOIN 
Account)
                    ^
src\java\dal\clothingSh
opDal.java:846: error: 
unmappable character 
(0x81) for encoding 
windows-1252
                
ps.setString(2, 
password); // n├¬n 
hash tr╞░ß╗¢c khi 
truyß╗?n v├áo
                       
                       
                       
      ^
src\java\dal\clothingSh
opDal.java:896: error: 
unmappable character 
(0x90) for encoding 
windows-1252
    // ─?ß╗öI TRß║áNG 
TH├?I ACCOUNT (Active 
Γåö Inactive)
        ^
src\java\dal\clothingSh
opDal.java:896: error: 
unmappable character 
(0x81) for encoding 
windows-1252
    // ─?ß╗öI TRß║áNG 
TH├?I ACCOUNT (Active 
Γåö Inactive)
                       
  ^
src\java\model\Product.
java:20: error: 
unmappable character 
(0x8D) for encoding 
windows-1252
    //    v├á 
ProductDAO gß╗?i 
p.setCategory(cat) 
kh├┤ng bß╗ï lß╗ùi 
compile
                       
     ^
18 errors
