javac : src\java\contro
ller\Admin\AdminCustome
rControlServlet.java:7:
 error: package 
jakarta.servlet does 
not exist
At line:1 char:1
+ javac -encoding 
UTF-8 -d build\classes 
-sourcepath src\java 
src\java\ ...
+ ~~~~~~~~~~~~~~~~~~~~~
~~~~~~~~~~~~~~~~~~~~~~~
~~~~~~~~~~~~~~~~~~~~~~~
~~
    + CategoryInfo     
         : NotSpecifi  
  ed: (src\java\cont   
 ro... does not exi    
st:String) [], Rem    
oteException
    + FullyQualifiedEr 
   rorId : NativeComm  
  andError
 
import jakarta.servlet.
ServletException;
                      ^
src\java\controller\Adm
in\AdminCustomerControl
Servlet.java:8: error: 
package jakarta.servlet
.annotation does not 
exist
import jakarta.servlet.
annotation.WebServlet;
                       
          ^
src\java\controller\Adm
in\AdminCustomerControl
Servlet.java:9: error: 
package 
jakarta.servlet.http 
does not exist
import jakarta.servlet.
http.HttpServlet;
                       
    ^
src\java\controller\Adm
in\AdminCustomerControl
Servlet.java:10: 
error: package 
jakarta.servlet.http 
does not exist
import jakarta.servlet.
http.HttpServletRequest
;
                       
    ^
src\java\controller\Adm
in\AdminCustomerControl
Servlet.java:11: 
error: package 
jakarta.servlet.http 
does not exist
import jakarta.servlet.
http.HttpServletRespons
e;
                       
    ^
src\java\controller\Adm
in\AdminCustomerControl
Servlet.java:20: 
error: cannot find 
symbol
public class AdminCusto
merControlServlet 
extends HttpServlet {
                       
                       
   ^
  symbol: class 
HttpServlet
src\java\controller\Adm
in\AdminCustomerControl
Servlet.java:19: 
error: cannot find 
symbol
@WebServlet(name = "Adm
inCustomerControl", 
urlPatterns = {"/AdminC
ustomerControl"})
 ^
  symbol: class 
WebServlet
src\java\controller\Adm
in\AdminCustomerControl
Servlet.java:23: 
error: cannot find 
symbol
    protected void doGe
t(HttpServletRequest 
request, 
HttpServletResponse 
response)
                       
  ^
  symbol:   class 
HttpServletRequest
  location: class Admin
CustomerControlServlet
src\java\controller\Adm
in\AdminCustomerControl
Servlet.java:23: 
error: cannot find 
symbol
    protected void doGe
t(HttpServletRequest 
request, 
HttpServletResponse 
response)
                       
                       
       ^
  symbol:   class 
HttpServletResponse
  location: class Admin
CustomerControlServlet
src\java\controller\Adm
in\AdminCustomerControl
Servlet.java:24: 
error: cannot find 
symbol
            throws 
ServletException, 
IOException {
                   ^
  symbol:   class 
ServletException
  location: class Admin
CustomerControlServlet
src\java\controller\Adm
in\AdminCustomerControl
Servlet.java:97: 
error: cannot find 
symbol
    protected void doPo
st(HttpServletRequest 
request, 
HttpServletResponse 
response)
                       
   ^
  symbol:   class 
HttpServletRequest
  location: class Admin
CustomerControlServlet
src\java\controller\Adm
in\AdminCustomerControl
Servlet.java:97: 
error: cannot find 
symbol
    protected void doPo
st(HttpServletRequest 
request, 
HttpServletResponse 
response)
                       
                       
        ^
  symbol:   class 
HttpServletResponse
  location: class Admin
CustomerControlServlet
src\java\controller\Adm
in\AdminCustomerControl
Servlet.java:98: 
error: cannot find 
symbol
            throws 
ServletException, 
IOException {
                   ^
  symbol:   class 
ServletException
  location: class Admin
CustomerControlServlet
src\java\controller\Adm
in\AdminCustomerControl
Servlet.java:22: 
error: method does not 
override or implement 
a method from a 
supertype
    @Override
    ^
src\java\controller\Adm
in\AdminCustomerControl
Servlet.java:96: 
error: method does not 
override or implement 
a method from a 
supertype
    @Override
    ^
15 errors
